0 verbose cli C:\Program Files\nodejs\node.exe C:\Program Files\nodejs\node_modules\npm\bin\npm-cli.js
1 info using npm@10.9.2
2 info using node@v22.14.0
3 silly config load:file:C:\Program Files\nodejs\node_modules\npm\npmrc
4 silly config load:file:E:\reverse project\backend\.npmrc
5 silly config load:file:C:\Users\HP\.npmrc
6 silly config load:file:E:\reverse project\backend\.npm-global\etc\npmrc
7 verbose title npm install express mongoose bcryptjs cors dotenv
8 verbose argv "install" "express" "mongoose" "bcryptjs" "cors" "dotenv"
9 verbose logfile logs-max:10 dir:E:\reverse project\backend\.npm-cache\_logs\2026-07-27T13_27_16_323Z-
10 verbose logfile E:\reverse project\backend\.npm-cache\_logs\2026-07-27T13_27_16_323Z-debug-0.log
11 silly logfile done cleaning log files
12 silly packumentCache heap:2197815296 maxSize:549453824 maxEntrySize:274726912
13 silly idealTree buildDeps
14 silly fetch manifest express@*
15 silly packumentCache full:https://registry.npmjs.org/express cache-miss
16 http fetch GET 200 https://registry.npmjs.org/express 636ms (cache miss)
17 silly packumentCache full:https://registry.npmjs.org/express set size:undefined disposed:false
18 silly fetch manifest mongoose@*
19 silly packumentCache full:https://registry.npmjs.org/mongoose cache-miss
20 http fetch GET 200 https://registry.npmjs.org/mongoose 376ms (cache miss)
21 silly packumentCache full:https://registry.npmjs.org/mongoose set size:undefined disposed:false
22 silly fetch manifest bcryptjs@*
23 silly packumentCache full:https://registry.npmjs.org/bcryptjs cache-miss
24 http fetch GET 200 https://registry.npmjs.org/bcryptjs 99ms (cache miss)
25 silly packumentCache full:https://registry.npmjs.org/bcryptjs set size:undefined disposed:false
26 silly fetch manifest cors@*
27 silly packumentCache full:https://registry.npmjs.org/cors cache-miss
28 http fetch GET 200 https://registry.npmjs.org/cors 116ms (cache miss)
29 silly packumentCache full:https://registry.npmjs.org/cors set size:undefined disposed:false
30 silly fetch manifest dotenv@*
31 silly packumentCache full:https://registry.npmjs.org/dotenv cache-miss
32 http fetch GET 200 https://registry.npmjs.org/dotenv 120ms (cache miss)
33 silly packumentCache full:https://registry.npmjs.org/dotenv set size:undefined disposed:false
34 silly placeDep ROOT bcryptjs@3.0.3 OK for: backend@1.0.0 want: *
35 silly placeDep ROOT cors@2.8.6 OK for: backend@1.0.0 want: *
36 silly placeDep ROOT dotenv@17.4.2 OK for: backend@1.0.0 want: *
37 silly placeDep ROOT express@5.2.1 OK for: backend@1.0.0 want: *
38 silly placeDep ROOT mongoose@9.8.0 OK for: backend@1.0.0 want: *
39 silly fetch manifest object-assign@^4
40 silly packumentCache full:https://registry.npmjs.org/object-assign cache-miss
41 silly fetch manifest vary@^1
42 silly packumentCache full:https://registry.npmjs.org/vary cache-miss
43 silly fetch manifest qs@^6.14.0
44 silly packumentCache full:https://registry.npmjs.org/qs cache-miss
45 silly fetch manifest depd@^2.0.0
46 silly packumentCache full:https://registry.npmjs.org/depd cache-miss
47 silly fetch manifest etag@^1.8.1
48 silly packumentCache full:https://registry.npmjs.org/etag cache-miss
49 silly fetch manifest once@^1.4.0
50 silly packumentCache full:https://registry.npmjs.org/once cache-miss
51 silly fetch manifest send@^1.1.0
52 silly packumentCache full:https://registry.npmjs.org/send cache-miss
53 silly fetch manifest vary@^1.1.2
54 silly packumentCache full:https://registry.npmjs.org/vary cache-miss
55 silly fetch manifest debug@^4.4.0
56 silly packumentCache full:https://registry.npmjs.org/debug cache-miss
57 silly fetch manifest fresh@^2.0.0
58 silly packumentCache full:https://registry.npmjs.org/fresh cache-miss
59 silly fetch manifest cookie@^0.7.1
60 silly packumentCache full:https://registry.npmjs.org/cookie cache-miss
61 http fetch GET 200 https://registry.npmjs.org/vary 99ms (cache miss)
62 silly packumentCache full:https://registry.npmjs.org/vary set size:undefined disposed:false
63 silly fetch manifest router@^2.2.0
64 silly packumentCache full:https://registry.npmjs.org/router cache-miss
65 http fetch GET 200 https://registry.npmjs.org/router 103ms (cache miss)
66 silly packumentCache full:https://registry.npmjs.org/router set size:undefined disposed:false
67 silly fetch manifest accepts@^2.0.0
68 silly packumentCache full:https://registry.npmjs.org/accepts cache-miss
69 http fetch GET 200 https://registry.npmjs.org/cookie 246ms (cache miss)
70 silly packumentCache full:https://registry.npmjs.org/cookie set size:undefined disposed:false
71 silly fetch manifest type-is@^2.0.1
72 silly packumentCache full:https://registry.npmjs.org/type-is cache-miss
73 http fetch GET 200 https://registry.npmjs.org/once 258ms (cache miss)
74 silly packumentCache full:https://registry.npmjs.org/once set size:undefined disposed:false
75 silly fetch manifest parseurl@^1.3.3
76 silly packumentCache full:https://registry.npmjs.org/parseurl cache-miss
77 http fetch GET 200 https://registry.npmjs.org/depd 263ms (cache miss)
78 silly packumentCache full:https://registry.npmjs.org/depd set size:undefined disposed:false
79 silly fetch manifest statuses@^2.0.1
80 silly packumentCache full:https://registry.npmjs.org/statuses cache-miss
81 http fetch GET 200 https://registry.npmjs.org/etag 271ms (cache miss)
82 silly packumentCache full:https://registry.npmjs.org/etag set size:undefined disposed:false
83 silly fetch manifest encodeurl@^2.0.0
84 silly packumentCache full:https://registry.npmjs.org/encodeurl cache-miss
85 http fetch GET 200 https://registry.npmjs.org/fresh 277ms (cache miss)
86 silly packumentCache full:https://registry.npmjs.org/fresh set size:undefined disposed:false
87 silly fetch manifest mime-types@^3.0.0
88 silly packumentCache full:https://registry.npmjs.org/mime-types cache-miss
89 http fetch GET 200 https://registry.npmjs.org/accepts 80ms (cache miss)
90 silly packumentCache full:https://registry.npmjs.org/accepts set size:undefined disposed:false
91 silly fetch manifest proxy-addr@^2.0.7
92 silly packumentCache full:https://registry.npmjs.org/proxy-addr cache-miss
93 http fetch GET 200 https://registry.npmjs.org/debug 285ms (cache miss)
94 silly packumentCache full:https://registry.npmjs.org/debug set size:undefined disposed:false
95 silly fetch manifest body-parser@^2.2.1
96 silly packumentCache full:https://registry.npmjs.org/body-parser cache-miss
97 http fetch GET 200 https://registry.npmjs.org/send 291ms (cache miss)
98 silly packumentCache full:https://registry.npmjs.org/send set size:undefined disposed:false
99 silly fetch manifest escape-html@^1.0.3
100 silly packumentCache full:https://registry.npmjs.org/escape-html cache-miss
101 http fetch GET 200 https://registry.npmjs.org/qs 301ms (cache miss)
102 silly packumentCache full:https://registry.npmjs.org/qs set size:undefined disposed:false
103 silly fetch manifest http-errors@^2.0.0
104 silly packumentCache full:https://registry.npmjs.org/http-errors cache-miss
105 http fetch GET 200 https://registry.npmjs.org/parseurl 62ms (cache miss)
106 silly packumentCache full:https://registry.npmjs.org/parseurl set size:undefined disposed:false
107 silly fetch manifest on-finished@^2.4.1
108 silly packumentCache full:https://registry.npmjs.org/on-finished cache-miss
109 http fetch GET 200 https://registry.npmjs.org/type-is 77ms (cache miss)
110 silly packumentCache full:https://registry.npmjs.org/type-is set size:undefined disposed:false
111 silly fetch manifest content-type@^1.0.5
112 silly packumentCache full:https://registry.npmjs.org/content-type cache-miss
113 http fetch GET 200 https://registry.npmjs.org/statuses 70ms (cache miss)
114 silly packumentCache full:https://registry.npmjs.org/statuses set size:undefined disposed:false
115 silly fetch manifest finalhandler@^2.1.0
116 silly packumentCache full:https://registry.npmjs.org/finalhandler cache-miss
117 http fetch GET 200 https://registry.npmjs.org/encodeurl 71ms (cache miss)
118 silly packumentCache full:https://registry.npmjs.org/encodeurl set size:undefined disposed:false
119 silly fetch manifest range-parser@^1.2.1
120 silly packumentCache full:https://registry.npmjs.org/range-parser cache-miss
121 http fetch GET 200 https://registry.npmjs.org/object-assign 350ms (cache miss)
122 silly packumentCache full:https://registry.npmjs.org/object-assign set size:undefined disposed:false
123 silly fetch manifest serve-static@^2.2.0
124 silly packumentCache full:https://registry.npmjs.org/serve-static cache-miss
125 http fetch GET 200 https://registry.npmjs.org/mime-types 75ms (cache miss)
126 silly packumentCache full:https://registry.npmjs.org/mime-types set size:undefined disposed:false
127 silly fetch manifest cookie-signature@^1.2.1
128 silly packumentCache full:https://registry.npmjs.org/cookie-signature cache-miss
129 http fetch GET 200 https://registry.npmjs.org/on-finished 70ms (cache miss)
130 silly packumentCache full:https://registry.npmjs.org/on-finished set size:undefined disposed:false
131 silly fetch manifest merge-descriptors@^2.0.0
132 silly packumentCache full:https://registry.npmjs.org/merge-descriptors cache-miss
133 http fetch GET 200 https://registry.npmjs.org/http-errors 94ms (cache miss)
134 silly packumentCache full:https://registry.npmjs.org/http-errors set size:undefined disposed:false
135 silly fetch manifest content-disposition@^1.0.0
136 silly packumentCache full:https://registry.npmjs.org/content-disposition cache-miss
137 http fetch GET 200 https://registry.npmjs.org/proxy-addr 119ms (cache miss)
138 silly packumentCache full:https://registry.npmjs.org/proxy-addr set size:undefined disposed:false
139 silly fetch manifest @standard-schema/spec@^1.1.0
140 silly packumentCache full:https://registry.npmjs.org/@standard-schema%2fspec cache-miss
141 http fetch GET 200 https://registry.npmjs.org/escape-html 112ms (cache miss)
142 silly packumentCache full:https://registry.npmjs.org/escape-html set size:undefined disposed:false
143 silly fetch manifest kareem@3.3.0
144 silly packumentCache full:https://registry.npmjs.org/kareem cache-miss
145 http fetch GET 200 https://registry.npmjs.org/body-parser 120ms (cache miss)
146 silly packumentCache full:https://registry.npmjs.org/body-parser set size:undefined disposed:false
147 silly fetch manifest mongodb@~7.5
148 silly packumentCache full:https://registry.npmjs.org/mongodb cache-miss
149 http fetch GET 200 https://registry.npmjs.org/vary 414ms (cache miss)
150 silly packumentCache full:https://registry.npmjs.org/vary set size:undefined disposed:false
151 silly fetch manifest mpath@0.9.0
152 silly packumentCache full:https://registry.npmjs.org/mpath cache-miss
153 http fetch GET 200 https://registry.npmjs.org/content-type 90ms (cache miss)
154 silly packumentCache full:https://registry.npmjs.org/content-type set size:undefined disposed:false
155 silly fetch manifest mquery@6.0.0
156 silly packumentCache full:https://registry.npmjs.org/mquery cache-miss
157 http fetch GET 200 https://registry.npmjs.org/range-parser 75ms (cache miss)
158 silly packumentCache full:https://registry.npmjs.org/range-parser set size:undefined disposed:false
159 silly fetch manifest ms@2.1.3
160 silly packumentCache full:https://registry.npmjs.org/ms cache-miss
161 http fetch GET 200 https://registry.npmjs.org/finalhandler 89ms (cache miss)
162 silly packumentCache full:https://registry.npmjs.org/finalhandler set size:undefined disposed:false
163 silly fetch manifest sift@17.1.3
164 silly packumentCache full:https://registry.npmjs.org/sift cache-miss
165 http fetch GET 200 https://registry.npmjs.org/serve-static 81ms (cache miss)
166 silly packumentCache full:https://registry.npmjs.org/serve-static set size:undefined disposed:false
167 http fetch GET 200 https://registry.npmjs.org/cookie-signature 85ms (cache miss)
168 silly packumentCache full:https://registry.npmjs.org/cookie-signature set size:undefined disposed:false
169 http fetch GET 200 https://registry.npmjs.org/merge-descriptors 106ms (cache miss)
170 silly packumentCache full:https://registry.npmjs.org/merge-descriptors set size:undefined disposed:false
171 http fetch GET 200 https://registry.npmjs.org/content-disposition 106ms (cache miss)
172 silly packumentCache full:https://registry.npmjs.org/content-disposition set size:undefined disposed:false
173 http fetch GET 200 https://registry.npmjs.org/kareem 106ms (cache miss)
174 silly packumentCache full:https://registry.npmjs.org/kareem set size:undefined disposed:false
175 http fetch GET 200 https://registry.npmjs.org/mpath 101ms (cache miss)
176 silly packumentCache full:https://registry.npmjs.org/mpath set size:undefined disposed:false
177 http fetch GET 200 https://registry.npmjs.org/ms 97ms (cache miss)
178 silly packumentCache full:https://registry.npmjs.org/ms set size:undefined disposed:false
179 http fetch GET 200 https://registry.npmjs.org/@standard-schema%2fspec 118ms (cache miss)
180 silly packumentCache full:https://registry.npmjs.org/@standard-schema%2fspec set size:undefined disposed:false
181 http fetch GET 200 https://registry.npmjs.org/mquery 107ms (cache miss)
182 silly packumentCache full:https://registry.npmjs.org/mquery set size:undefined disposed:false
183 http fetch GET 200 https://registry.npmjs.org/sift 136ms (cache miss)
184 silly packumentCache full:https://registry.npmjs.org/sift set size:undefined disposed:false
185 http fetch GET 200 https://registry.npmjs.org/mongodb 237ms (cache miss)
186 silly packumentCache full:https://registry.npmjs.org/mongodb set size:undefined disposed:false
187 silly placeDep ROOT object-assign@4.1.1 OK for: cors@2.8.6 want: ^4
188 silly placeDep ROOT vary@1.1.2 OK for: cors@2.8.6 want: ^1
189 silly placeDep ROOT accepts@2.0.0 OK for: express@5.2.1 want: ^2.0.0
190 silly placeDep ROOT body-parser@2.3.0 OK for: express@5.2.1 want: ^2.2.1
191 silly placeDep ROOT content-disposition@1.1.0 OK for: express@5.2.1 want: ^1.0.0
192 silly placeDep ROOT content-type@1.0.5 OK for: express@5.2.1 want: ^1.0.5
193 silly placeDep ROOT cookie@0.7.2 OK for: express@5.2.1 want: ^0.7.1
194 silly placeDep ROOT cookie-signature@1.2.2 OK for: express@5.2.1 want: ^1.2.1
195 silly placeDep ROOT debug@4.4.3 OK for: express@5.2.1 want: ^4.4.0
196 silly placeDep ROOT depd@2.0.0 OK for: express@5.2.1 want: ^2.0.0
197 silly placeDep ROOT encodeurl@2.0.0 OK for: express@5.2.1 want: ^2.0.0
198 silly placeDep ROOT escape-html@1.0.3 OK for: express@5.2.1 want: ^1.0.3
199 silly placeDep ROOT etag@1.8.1 OK for: express@5.2.1 want: ^1.8.1
200 silly placeDep ROOT finalhandler@2.1.1 OK for: express@5.2.1 want: ^2.1.0
201 silly placeDep ROOT fresh@2.0.0 OK for: express@5.2.1 want: ^2.0.0
202 silly placeDep ROOT http-errors@2.0.1 OK for: express@5.2.1 want: ^2.0.0
203 silly placeDep ROOT merge-descriptors@2.0.0 OK for: express@5.2.1 want: ^2.0.0
204 silly placeDep ROOT mime-types@3.0.2 OK for: express@5.2.1 want: ^3.0.0
205 silly placeDep ROOT on-finished@2.4.1 OK for: express@5.2.1 want: ^2.4.1
206 silly placeDep ROOT once@1.4.0 OK for: express@5.2.1 want: ^1.4.0
207 silly placeDep ROOT parseurl@1.3.3 OK for: express@5.2.1 want: ^1.3.3
208 silly placeDep ROOT proxy-addr@2.0.7 OK for: express@5.2.1 want: ^2.0.7
209 silly placeDep ROOT qs@6.15.3 OK for: express@5.2.1 want: ^6.14.0
210 silly placeDep ROOT range-parser@1.3.0 OK for: express@5.2.1 want: ^1.2.1
211 silly placeDep ROOT router@2.2.0 OK for: express@5.2.1 want: ^2.2.0
212 silly placeDep ROOT send@1.2.1 OK for: express@5.2.1 want: ^1.1.0
213 silly placeDep ROOT serve-static@2.2.1 OK for: express@5.2.1 want: ^2.2.0
214 silly placeDep ROOT statuses@2.0.2 OK for: express@5.2.1 want: ^2.0.1
215 silly placeDep ROOT type-is@2.1.0 OK for: express@5.2.1 want: ^2.0.1
216 silly fetch manifest negotiator@^1.0.0
217 silly packumentCache full:https://registry.npmjs.org/negotiator cache-miss
218 silly fetch manifest qs@^6.15.2
219 silly packumentCache full:https://registry.npmjs.org/qs cache-miss
220 silly fetch manifest bytes@^3.1.2
221 silly packumentCache full:https://registry.npmjs.org/bytes cache-miss
222 silly fetch manifest debug@^4.4.3
223 silly packumentCache full:https://registry.npmjs.org/debug cache-miss
224 silly fetch manifest type-is@^2.1.0
225 silly packumentCache full:https://registry.npmjs.org/type-is cache-miss
226 silly fetch manifest raw-body@^3.0.2
227 silly packumentCache full:https://registry.npmjs.org/raw-body cache-miss
228 silly fetch manifest iconv-lite@^0.7.2
229 silly packumentCache full:https://registry.npmjs.org/iconv-lite cache-miss
230 silly fetch manifest http-errors@^2.0.1
231 silly packumentCache full:https://registry.npmjs.org/http-errors cache-miss
232 silly fetch manifest content-type@^2.0.0
233 silly packumentCache full:https://registry.npmjs.org/content-type cache-miss
234 silly fetch manifest ms@^2.1.3
235 silly packumentCache full:https://registry.npmjs.org/ms cache-miss
236 silly fetch manifest inherits@~2.0.4
237 silly packumentCache full:https://registry.npmjs.org/inherits cache-miss
238 http cache https://registry.npmjs.org/type-is 21ms (cache hit)
239 silly packumentCache full:https://registry.npmjs.org/type-is set size:88614 disposed:false
240 silly fetch manifest setprototypeof@~1.2.0
241 silly packumentCache full:https://registry.npmjs.org/setprototypeof cache-miss
242 http cache https://registry.npmjs.org/content-type 23ms (cache hit)
243 silly packumentCache full:https://registry.npmjs.org/content-type set size:18994 disposed:false
244 silly fetch manifest statuses@~2.0.2
245 silly packumentCache full:https://registry.npmjs.org/statuses cache-miss
246 http cache https://registry.npmjs.org/debug 30ms (cache hit)
247 silly packumentCache full:https://registry.npmjs.org/debug set size:195840 disposed:false
248 silly fetch manifest toidentifier@~1.0.1
249 silly packumentCache full:https://registry.npmjs.org/toidentifier cache-miss
250 http cache https://registry.npmjs.org/qs 33ms (cache hit)
251 silly packumentCache full:https://registry.npmjs.org/qs set size:360318 disposed:false
252 silly fetch manifest mime-db@^1.54.0
253 silly packumentCache full:https://registry.npmjs.org/mime-db cache-miss
254 http cache https://registry.npmjs.org/ms 35ms (cache hit)
255 silly packumentCache full:https://registry.npmjs.org/ms set size:92208 disposed:false
256 silly fetch manifest ee-first@1.1.1
257 silly packumentCache full:https://registry.npmjs.org/ee-first cache-miss
258 http cache https://registry.npmjs.org/http-errors 38ms (cache hit)
259 silly packumentCache full:https://registry.npmjs.org/http-errors set size:71987 disposed:false
260 silly fetch manifest wrappy@1
261 silly packumentCache full:https://registry.npmjs.org/wrappy cache-miss
262 http cache https://registry.npmjs.org/statuses 20ms (cache hit)
263 silly packumentCache full:https://registry.npmjs.org/statuses set size:37117 disposed:false
264 silly fetch manifest forwarded@0.2.0
265 silly packumentCache full:https://registry.npmjs.org/forwarded cache-miss
266 http fetch GET 200 https://registry.npmjs.org/wrappy 83ms (cache miss)
267 silly packumentCache full:https://registry.npmjs.org/wrappy set size:undefined disposed:false
268 silly fetch manifest ipaddr.js@1.9.1
269 silly packumentCache full:https://registry.npmjs.org/ipaddr.js cache-miss
270 http fetch GET 200 https://registry.npmjs.org/bytes 126ms (cache miss)
271 silly packumentCache full:https://registry.npmjs.org/bytes set size:undefined disposed:false
272 silly fetch manifest side-channel@^1.1.1
273 silly packumentCache full:https://registry.npmjs.org/side-channel cache-miss
274 http fetch GET 200 https://registry.npmjs.org/negotiator 129ms (cache miss)
275 silly packumentCache full:https://registry.npmjs.org/negotiator set size:undefined disposed:false
276 silly fetch manifest es-define-property@^1.0.1
277 silly packumentCache full:https://registry.npmjs.org/es-define-property cache-miss
278 http fetch GET 200 https://registry.npmjs.org/inherits 130ms (cache miss)
279 silly packumentCache full:https://registry.npmjs.org/inherits set size:undefined disposed:false
280 silly fetch manifest is-promise@^4.0.0
281 silly packumentCache full:https://registry.npmjs.org/is-promise cache-miss
282 http fetch GET 200 https://registry.npmjs.org/setprototypeof 110ms (cache miss)
283 silly packumentCache full:https://registry.npmjs.org/setprototypeof set size:undefined disposed:false
284 silly fetch manifest path-to-regexp@^8.0.0
285 silly packumentCache full:https://registry.npmjs.org/path-to-regexp cache-miss
286 http fetch GET 200 https://registry.npmjs.org/forwarded 93ms (cache miss)
287 silly packumentCache full:https://registry.npmjs.org/forwarded set size:undefined disposed:false
288 silly fetch manifest statuses@^2.0.2
289 silly packumentCache full:https://registry.npmjs.org/statuses cache-hit
290 silly fetch manifest media-typer@^1.1.0
291 silly packumentCache full:https://registry.npmjs.org/media-typer cache-miss
292 http fetch GET 200 https://registry.npmjs.org/ee-first 110ms (cache miss)
293 silly packumentCache full:https://registry.npmjs.org/ee-first set size:undefined disposed:false
294 http fetch GET 200 https://registry.npmjs.org/raw-body 149ms (cache miss)
295 silly packumentCache full:https://registry.npmjs.org/raw-body set size:undefined disposed:false
296 http fetch GET 200 https://registry.npmjs.org/iconv-lite 152ms (cache miss)
297 silly packumentCache full:https://registry.npmjs.org/iconv-lite set size:undefined disposed:false
298 http fetch GET 200 https://registry.npmjs.org/toidentifier 125ms (cache miss)
299 silly packumentCache full:https://registry.npmjs.org/toidentifier set size:undefined disposed:false
300 http fetch GET 200 https://registry.npmjs.org/mime-db 123ms (cache miss)
301 silly packumentCache full:https://registry.npmjs.org/mime-db set size:undefined disposed:false
302 http fetch GET 200 https://registry.npmjs.org/ipaddr.js 73ms (cache miss)
303 silly packumentCache full:https://registry.npmjs.org/ipaddr.js set size:undefined disposed:false
304 http fetch GET 200 https://registry.npmjs.org/es-define-property 75ms (cache miss)
305 silly packumentCache full:https://registry.npmjs.org/es-define-property set size:undefined disposed:false
306 http fetch GET 200 https://registry.npmjs.org/side-channel 82ms (cache miss)
307 silly packumentCache full:https://registry.npmjs.org/side-channel set size:undefined disposed:false
308 http fetch GET 200 https://registry.npmjs.org/is-promise 78ms (cache miss)
309 silly packumentCache full:https://registry.npmjs.org/is-promise set size:undefined disposed:false
310 http fetch GET 200 https://registry.npmjs.org/path-to-regexp 85ms (cache miss)
311 silly packumentCache full:https://registry.npmjs.org/path-to-regexp set size:undefined disposed:false
312 http fetch GET 200 https://registry.npmjs.org/media-typer 85ms (cache miss)
313 silly packumentCache full:https://registry.npmjs.org/media-typer set size:undefined disposed:false
314 silly placeDep ROOT negotiator@1.0.0 OK for: accepts@2.0.0 want: ^1.0.0
315 silly placeDep ROOT bytes@3.1.2 OK for: body-parser@2.3.0 want: ^3.1.2
316 silly placeDep node_modules/body-parser content-type@2.0.0 OK for: body-parser@2.3.0 want: ^2.0.0
317 silly placeDep ROOT iconv-lite@0.7.3 OK for: body-parser@2.3.0 want: ^0.7.2
318 silly placeDep ROOT raw-body@3.0.2 OK for: body-parser@2.3.0 want: ^3.0.2
319 silly fetch manifest safer-buffer@>= 2.1.2 < 3.0.0
320 silly packumentCache full:https://registry.npmjs.org/safer-buffer cache-miss
321 silly fetch manifest unpipe@~1.0.0
322 silly packumentCache full:https://registry.npmjs.org/unpipe cache-miss
323 http fetch GET 200 https://registry.npmjs.org/safer-buffer 89ms (cache miss)
324 silly packumentCache full:https://registry.npmjs.org/safer-buffer set size:undefined disposed:false
325 http fetch GET 200 https://registry.npmjs.org/unpipe 90ms (cache miss)
326 silly packumentCache full:https://registry.npmjs.org/unpipe set size:undefined disposed:false
327 silly placeDep ROOT ms@2.1.3 OK for: debug@4.4.3 want: ^2.1.3
328 silly placeDep ROOT inherits@2.0.4 OK for: http-errors@2.0.1 want: ~2.0.4
329 silly placeDep ROOT setprototypeof@1.2.0 OK for: http-errors@2.0.1 want: ~1.2.0
330 silly placeDep ROOT toidentifier@1.0.1 OK for: http-errors@2.0.1 want: ~1.0.1
331 silly placeDep ROOT safer-buffer@2.1.2 OK for: iconv-lite@0.7.3 want: >= 2.1.2 < 3.0.0
332 silly placeDep ROOT mime-db@1.54.0 OK for: mime-types@3.0.2 want: ^1.54.0
333 silly fetch manifest @aws-sdk/credential-providers@^3.806.0
334 silly packumentCache full:https://registry.npmjs.org/@aws-sdk%2fcredential-providers cache-miss
335 http fetch GET 200 https://registry.npmjs.org/@aws-sdk%2fcredential-providers 309ms (cache miss)
336 silly packumentCache full:https://registry.npmjs.org/@aws-sdk%2fcredential-providers set size:undefined disposed:false
337 silly fetch manifest @mongodb-js/zstd@^7.0.0
338 silly packumentCache full:https://registry.npmjs.org/@mongodb-js%2fzstd cache-miss
339 http fetch GET 200 https://registry.npmjs.org/@mongodb-js%2fzstd 143ms (cache miss)
340 silly packumentCache full:https://registry.npmjs.org/@mongodb-js%2fzstd set size:undefined disposed:false
341 silly fetch manifest gcp-metadata@^7.0.1
342 silly packumentCache full:https://registry.npmjs.org/gcp-metadata cache-miss
343 http fetch GET 200 https://registry.npmjs.org/gcp-metadata 101ms (cache miss)
344 silly packumentCache full:https://registry.npmjs.org/gcp-metadata set size:undefined disposed:false
345 silly fetch manifest kerberos@^7.0.0
346 silly packumentCache full:https://registry.npmjs.org/kerberos cache-miss
347 http fetch GET 200 https://registry.npmjs.org/kerberos 349ms (cache miss)
348 silly packumentCache full:https://registry.npmjs.org/kerberos set size:undefined disposed:false
349 silly fetch manifest mongodb-client-encryption@^7.2.0
350 silly packumentCache full:https://registry.npmjs.org/mongodb-client-encryption cache-miss
351 http fetch GET 200 https://registry.npmjs.org/mongodb-client-encryption 109ms (cache miss)
352 silly packumentCache full:https://registry.npmjs.org/mongodb-client-encryption set size:undefined disposed:false
353 silly fetch manifest snappy@^7.3.2
354 silly packumentCache full:https://registry.npmjs.org/snappy cache-miss
355 http fetch GET 200 https://registry.npmjs.org/snappy 111ms (cache miss)
356 silly packumentCache full:https://registry.npmjs.org/snappy set size:undefined disposed:false
357 silly fetch manifest socks@^2.8.6
358 silly packumentCache full:https://registry.npmjs.org/socks cache-miss
359 http fetch GET 200 https://registry.npmjs.org/socks 126ms (cache miss)
360 silly packumentCache full:https://registry.npmjs.org/socks set size:undefined disposed:false
361 silly placeDep ROOT @standard-schema/spec@1.1.0 OK for: mongoose@9.8.0 want: ^1.1.0
362 silly placeDep ROOT kareem@3.3.0 OK for: mongoose@9.8.0 want: 3.3.0
363 silly placeDep ROOT mongodb@7.5.0 OK for: mongoose@9.8.0 want: ~7.5
364 silly placeDep ROOT mpath@0.9.0 OK for: mongoose@9.8.0 want: 0.9.0
365 silly placeDep ROOT mquery@6.0.0 OK for: mongoose@9.8.0 want: 6.0.0
366 silly placeDep ROOT sift@17.1.3 OK for: mongoose@9.8.0 want: 17.1.3
367 silly fetch manifest bson@^7.2.0
368 silly packumentCache full:https://registry.npmjs.org/bson cache-miss
369 silly fetch manifest @mongodb-js/saslprep@^1.4.11
370 silly packumentCache full:https://registry.npmjs.org/@mongodb-js%2fsaslprep cache-miss
371 silly fetch manifest mongodb-connection-string-url@^7.0.1
372 silly packumentCache full:https://registry.npmjs.org/mongodb-connection-string-url cache-miss
373 http fetch GET 200 https://registry.npmjs.org/mongodb-connection-string-url 102ms (cache miss)
374 silly packumentCache full:https://registry.npmjs.org/mongodb-connection-string-url set size:undefined disposed:false
375 http fetch GET 200 https://registry.npmjs.org/@mongodb-js%2fsaslprep 117ms (cache miss)
376 silly packumentCache full:https://registry.npmjs.org/@mongodb-js%2fsaslprep set size:undefined disposed:false
377 http fetch GET 200 https://registry.npmjs.org/bson 345ms (cache miss)
378 silly packumentCache full:https://registry.npmjs.org/bson set size:undefined disposed:false
379 silly placeDep ROOT @mongodb-js/saslprep@1.4.13 OK for: mongodb@7.5.0 want: ^1.4.11
380 silly placeDep ROOT bson@7.3.1 OK for: mongodb@7.5.0 want: ^7.2.0
381 silly placeDep ROOT mongodb-connection-string-url@7.0.2 OK for: mongodb@7.5.0 want: ^7.0.1
382 silly fetch manifest sparse-bitfield@^3.0.3
383 silly packumentCache full:https://registry.npmjs.org/sparse-bitfield cache-miss
384 silly fetch manifest whatwg-url@^14.1.0
385 silly packumentCache full:https://registry.npmjs.org/whatwg-url cache-miss
386 silly fetch manifest @types/whatwg-url@^13.0.0
387 silly packumentCache full:https://registry.npmjs.org/@types%2fwhatwg-url cache-miss
388 http fetch GET 200 https://registry.npmjs.org/sparse-bitfield 109ms (cache miss)
389 silly packumentCache full:https://registry.npmjs.org/sparse-bitfield set size:undefined disposed:false
390 http fetch GET 200 https://registry.npmjs.org/whatwg-url 115ms (cache miss)
391 silly packumentCache full:https://registry.npmjs.org/whatwg-url set size:undefined disposed:false
392 http fetch GET 200 https://registry.npmjs.org/@types%2fwhatwg-url 119ms (cache miss)
393 silly packumentCache full:https://registry.npmjs.org/@types%2fwhatwg-url set size:undefined disposed:false
394 silly placeDep ROOT sparse-bitfield@3.0.3 OK for: @mongodb-js/saslprep@1.4.13 want: ^3.0.3
395 silly fetch manifest memory-pager@^1.0.2
396 silly packumentCache full:https://registry.npmjs.org/memory-pager cache-miss
397 http fetch GET 200 https://registry.npmjs.org/memory-pager 116ms (cache miss)
398 silly packumentCache full:https://registry.npmjs.org/memory-pager set size:undefined disposed:false
399 silly placeDep ROOT @types/whatwg-url@13.0.0 OK for: mongodb-connection-string-url@7.0.2 want: ^13.0.0
400 silly placeDep ROOT whatwg-url@14.2.0 OK for: mongodb-connection-string-url@7.0.2 want: ^14.1.0
401 silly fetch manifest @types/webidl-conversions@*
402 silly packumentCache full:https://registry.npmjs.org/@types%2fwebidl-conversions cache-miss
403 silly fetch manifest tr46@^5.1.0
404 silly packumentCache full:https://registry.npmjs.org/tr46 cache-miss
405 silly fetch manifest webidl-conversions@^7.0.0
406 silly packumentCache full:https://registry.npmjs.org/webidl-conversions cache-miss
407 http fetch GET 200 https://registry.npmjs.org/@types%2fwebidl-conversions 73ms (cache miss)
408 silly packumentCache full:https://registry.npmjs.org/@types%2fwebidl-conversions set size:undefined disposed:false
409 http fetch GET 200 https://registry.npmjs.org/webidl-conversions 74ms (cache miss)
410 silly packumentCache full:https://registry.npmjs.org/webidl-conversions set size:undefined disposed:false
411 http fetch GET 200 https://registry.npmjs.org/tr46 79ms (cache miss)
412 silly packumentCache full:https://registry.npmjs.org/tr46 set size:undefined disposed:false
413 silly placeDep ROOT @types/webidl-conversions@7.0.3 OK for: @types/whatwg-url@13.0.0 want: *
414 silly placeDep ROOT ee-first@1.1.1 OK for: on-finished@2.4.1 want: 1.1.1
415 silly placeDep ROOT wrappy@1.0.2 OK for: once@1.4.0 want: 1
416 silly placeDep ROOT forwarded@0.2.0 OK for: proxy-addr@2.0.7 want: 0.2.0
417 silly placeDep ROOT ipaddr.js@1.9.1 OK for: proxy-addr@2.0.7 want: 1.9.1
418 silly placeDep ROOT es-define-property@1.0.1 OK for: qs@6.15.3 want: ^1.0.1
419 silly placeDep ROOT side-channel@1.1.1 OK for: qs@6.15.3 want: ^1.1.1
420 silly fetch manifest es-errors@^1.3.0
421 silly packumentCache full:https://registry.npmjs.org/es-errors cache-miss
422 silly fetch manifest object-inspect@^1.13.4
423 silly packumentCache full:https://registry.npmjs.org/object-inspect cache-miss
424 silly fetch manifest side-channel-list@^1.0.1
425 silly packumentCache full:https://registry.npmjs.org/side-channel-list cache-miss
426 silly fetch manifest side-channel-map@^1.0.1
427 silly packumentCache full:https://registry.npmjs.org/side-channel-map cache-miss
428 silly fetch manifest side-channel-weakmap@^1.0.2
429 silly packumentCache full:https://registry.npmjs.org/side-channel-weakmap cache-miss
430 http fetch GET 200 https://registry.npmjs.org/side-channel-weakmap 117ms (cache miss)
431 silly packumentCache full:https://registry.npmjs.org/side-channel-weakmap set size:undefined disposed:false
432 http fetch GET 200 https://registry.npmjs.org/side-channel-list 118ms (cache miss)
433 silly packumentCache full:https://registry.npmjs.org/side-channel-list set size:undefined disposed:false
434 http fetch GET 200 https://registry.npmjs.org/object-inspect 119ms (cache miss)
435 silly packumentCache full:https://registry.npmjs.org/object-inspect set size:undefined disposed:false
436 http fetch GET 200 https://registry.npmjs.org/es-errors 121ms (cache miss)
437 silly packumentCache full:https://registry.npmjs.org/es-errors set size:undefined disposed:false
438 http fetch GET 200 https://registry.npmjs.org/side-channel-map 236ms (cache miss)
439 silly packumentCache full:https://registry.npmjs.org/side-channel-map set size:undefined disposed:false
440 silly placeDep ROOT unpipe@1.0.0 OK for: raw-body@3.0.2 want: ~1.0.0
441 silly placeDep ROOT is-promise@4.0.0 OK for: router@2.2.0 want: ^4.0.0
442 silly placeDep ROOT path-to-regexp@8.4.2 OK for: router@2.2.0 want: ^8.0.0
443 silly placeDep ROOT es-errors@1.3.0 OK for: side-channel@1.1.1 want: ^1.3.0
444 silly placeDep ROOT object-inspect@1.13.4 OK for: side-channel@1.1.1 want: ^1.13.4
445 silly placeDep ROOT side-channel-list@1.0.1 OK for: side-channel@1.1.1 want: ^1.0.1
446 silly placeDep ROOT side-channel-map@1.0.1 OK for: side-channel@1.1.1 want: ^1.0.1
447 silly placeDep ROOT side-channel-weakmap@1.0.2 OK for: side-channel@1.1.1 want: ^1.0.2
448 silly fetch manifest call-bound@^1.0.2
449 silly packumentCache full:https://registry.npmjs.org/call-bound cache-miss
450 silly fetch manifest get-intrinsic@^1.2.5
451 silly packumentCache full:https://registry.npmjs.org/get-intrinsic cache-miss
452 silly fetch manifest call-bound@^1.0.2
453 silly packumentCache full:https://registry.npmjs.org/call-bound cache-miss
454 silly fetch manifest get-intrinsic@^1.2.5
455 silly packumentCache full:https://registry.npmjs.org/get-intrinsic cache-miss
456 http fetch GET 200 https://registry.npmjs.org/call-bound 103ms (cache miss)
457 silly packumentCache full:https://registry.npmjs.org/call-bound set size:undefined disposed:false
458 http fetch GET 200 https://registry.npmjs.org/call-bound 110ms (cache miss)
459 silly packumentCache full:https://registry.npmjs.org/call-bound set size:undefined disposed:false
460 http fetch GET 200 https://registry.npmjs.org/get-intrinsic 114ms (cache miss)
461 silly packumentCache full:https://registry.npmjs.org/get-intrinsic set size:undefined disposed:false
462 http fetch GET 200 https://registry.npmjs.org/get-intrinsic 117ms (cache miss)
463 silly packumentCache full:https://registry.npmjs.org/get-intrinsic set size:undefined disposed:false
464 silly placeDep ROOT call-bound@1.0.4 OK for: side-channel-map@1.0.1 want: ^1.0.2
465 silly placeDep ROOT get-intrinsic@1.3.0 OK for: side-channel-map@1.0.1 want: ^1.2.5
466 silly fetch manifest call-bind-apply-helpers@^1.0.2
467 silly packumentCache full:https://registry.npmjs.org/call-bind-apply-helpers cache-miss
468 silly fetch manifest get-intrinsic@^1.3.0
469 silly packumentCache full:https://registry.npmjs.org/get-intrinsic cache-miss
470 silly fetch manifest gopd@^1.2.0
471 silly packumentCache full:https://registry.npmjs.org/gopd cache-miss
472 silly fetch manifest hasown@^2.0.2
473 silly packumentCache full:https://registry.npmjs.org/hasown cache-miss
474 silly fetch manifest get-proto@^1.0.1
475 silly packumentCache full:https://registry.npmjs.org/get-proto cache-miss
476 silly fetch manifest has-symbols@^1.1.0
477 silly packumentCache full:https://registry.npmjs.org/has-symbols cache-miss
478 silly fetch manifest function-bind@^1.1.2
479 silly packumentCache full:https://registry.npmjs.org/function-bind cache-miss
480 silly fetch manifest es-object-atoms@^1.1.1
481 silly packumentCache full:https://registry.npmjs.org/es-object-atoms cache-miss
482 silly fetch manifest math-intrinsics@^1.1.0
483 silly packumentCache full:https://registry.npmjs.org/math-intrinsics cache-miss
484 silly fetch manifest call-bind-apply-helpers@^1.0.2
485 silly packumentCache full:https://registry.npmjs.org/call-bind-apply-helpers cache-miss
486 http cache https://registry.npmjs.org/get-intrinsic 24ms (cache hit)
487 silly packumentCache full:https://registry.npmjs.org/get-intrinsic set size:60985 disposed:false
488 http fetch GET 200 https://registry.npmjs.org/call-bind-apply-helpers 97ms (cache miss)
489 silly packumentCache full:https://registry.npmjs.org/call-bind-apply-helpers set size:undefined disposed:false
490 http fetch GET 200 https://registry.npmjs.org/gopd 109ms (cache miss)
491 silly packumentCache full:https://registry.npmjs.org/gopd set size:undefined disposed:false
492 http fetch GET 200 https://registry.npmjs.org/get-proto 112ms (cache miss)
493 silly packumentCache full:https://registry.npmjs.org/get-proto set size:undefined disposed:false
494 http fetch GET 200 https://registry.npmjs.org/call-bind-apply-helpers 114ms (cache miss)
495 silly packumentCache full:https://registry.npmjs.org/call-bind-apply-helpers set size:undefined disposed:false
496 http fetch GET 200 https://registry.npmjs.org/hasown 117ms (cache miss)
497 silly packumentCache full:https://registry.npmjs.org/hasown set size:undefined disposed:false
498 http fetch GET 200 https://registry.npmjs.org/es-object-atoms 119ms (cache miss)
499 silly packumentCache full:https://registry.npmjs.org/es-object-atoms set size:undefined disposed:false
500 http fetch GET 200 https://registry.npmjs.org/function-bind 122ms (cache miss)
501 silly packumentCache full:https://registry.npmjs.org/function-bind set size:undefined disposed:false
502 http fetch GET 200 https://registry.npmjs.org/has-symbols 123ms (cache miss)
503 silly packumentCache full:https://registry.npmjs.org/has-symbols set size:undefined disposed:false
504 http fetch GET 200 https://registry.npmjs.org/math-intrinsics 124ms (cache miss)
505 silly packumentCache full:https://registry.npmjs.org/math-intrinsics set size:undefined disposed:false
506 silly placeDep ROOT call-bind-apply-helpers@1.0.2 OK for: call-bound@1.0.4 want: ^1.0.2
507 silly placeDep ROOT function-bind@1.1.2 OK for: call-bind-apply-helpers@1.0.2 want: ^1.1.2
508 silly placeDep ROOT es-object-atoms@1.1.2 OK for: get-intrinsic@1.3.0 want: ^1.1.1
509 silly placeDep ROOT get-proto@1.0.1 OK for: get-intrinsic@1.3.0 want: ^1.0.1
510 silly placeDep ROOT gopd@1.2.0 OK for: get-intrinsic@1.3.0 want: ^1.2.0
511 silly placeDep ROOT has-symbols@1.1.0 OK for: get-intrinsic@1.3.0 want: ^1.1.0
512 silly placeDep ROOT hasown@2.0.4 OK for: get-intrinsic@1.3.0 want: ^2.0.2
513 silly placeDep ROOT math-intrinsics@1.1.0 OK for: get-intrinsic@1.3.0 want: ^1.1.0
514 silly fetch manifest dunder-proto@^1.0.1
515 silly packumentCache full:https://registry.npmjs.org/dunder-proto cache-miss
516 http fetch GET 200 https://registry.npmjs.org/dunder-proto 92ms (cache miss)
517 silly packumentCache full:https://registry.npmjs.org/dunder-proto set size:undefined disposed:false
518 silly placeDep ROOT dunder-proto@1.0.1 OK for: get-proto@1.0.1 want: ^1.0.1
519 silly placeDep ROOT memory-pager@1.5.0 OK for: sparse-bitfield@3.0.3 want: ^1.0.2
520 silly placeDep node_modules/type-is content-type@2.0.0 OK for: type-is@2.1.0 want: ^2.0.0
521 silly placeDep ROOT media-typer@1.1.1 OK for: type-is@2.1.0 want: ^1.1.0
522 silly placeDep ROOT tr46@5.1.1 OK for: whatwg-url@14.2.0 want: ^5.1.0
523 silly placeDep ROOT webidl-conversions@7.0.0 OK for: whatwg-url@14.2.0 want: ^7.0.0
524 silly fetch manifest punycode@^2.3.1
525 silly packumentCache full:https://registry.npmjs.org/punycode cache-miss
526 http fetch GET 200 https://registry.npmjs.org/punycode 122ms (cache miss)
527 silly packumentCache full:https://registry.npmjs.org/punycode set size:undefined disposed:false
528 silly placeDep ROOT punycode@2.3.1 OK for: tr46@5.1.1 want: ^2.3.1
529 silly reify moves {}
530 silly audit bulk request {
530 silly audit   bcryptjs: [ '3.0.3' ],
530 silly audit   cors: [ '2.8.6' ],
530 silly audit   dotenv: [ '17.4.2' ],
530 silly audit   express: [ '5.2.1' ],
530 silly audit   mongoose: [ '9.8.0' ],
530 silly audit   'object-assign': [ '4.1.1' ],
530 silly audit   vary: [ '1.1.2' ],
530 silly audit   accepts: [ '2.0.0' ],
530 silly audit   'body-parser': [ '2.3.0' ],
530 silly audit   'content-disposition': [ '1.1.0' ],
530 silly audit   'content-type': [ '1.0.5', '2.0.0' ],
530 silly audit   cookie: [ '0.7.2' ],
530 silly audit   'cookie-signature': [ '1.2.2' ],
530 silly audit   debug: [ '4.4.3' ],
530 silly audit   depd: [ '2.0.0' ],
530 silly audit   encodeurl: [ '2.0.0' ],
530 silly audit   'escape-html': [ '1.0.3' ],
530 silly audit   etag: [ '1.8.1' ],
530 silly audit   finalhandler: [ '2.1.1' ],
530 silly audit   fresh: [ '2.0.0' ],
530 silly audit   'http-errors': [ '2.0.1' ],
530 silly audit   'merge-descriptors': [ '2.0.0' ],
530 silly audit   'mime-types': [ '3.0.2' ],
530 silly audit   'on-finished': [ '2.4.1' ],
530 silly audit   once: [ '1.4.0' ],
530 silly audit   parseurl: [ '1.3.3' ],
530 silly audit   'proxy-addr': [ '2.0.7' ],
530 silly audit   qs: [ '6.15.3' ],
530 silly audit   'range-parser': [ '1.3.0' ],
530 silly audit   router: [ '2.2.0' ],
530 silly audit   send: [ '1.2.1' ],
530 silly audit   'serve-static': [ '2.2.1' ],
530 silly audit   statuses: [ '2.0.2' ],
530 silly audit   'type-is': [ '2.1.0' ],
530 silly audit   negotiator: [ '1.0.0' ],
530 silly audit   bytes: [ '3.1.2' ],
530 silly audit   'iconv-lite': [ '0.7.3' ],
530 silly audit   'raw-body': [ '3.0.2' ],
530 silly audit   ms: [ '2.1.3' ],
530 silly audit   inherits: [ '2.0.4' ],
530 silly audit   setprototypeof: [ '1.2.0' ],
530 silly audit   toidentifier: [ '1.0.1' ],
530 silly audit   'safer-buffer': [ '2.1.2' ],
530 silly audit   'mime-db': [ '1.54.0' ],
530 silly audit   '@standard-schema/spec': [ '1.1.0' ],
530 silly audit   kareem: [ '3.3.0' ],
530 silly audit   mongodb: [ '7.5.0' ],
530 silly audit   mpath: [ '0.9.0' ],
530 silly audit   mquery: [ '6.0.0' ],
530 silly audit   sift: [ '17.1.3' ],
530 silly audit   '@mongodb-js/saslprep': [ '1.4.13' ],
530 silly audit   bson: [ '7.3.1' ],
530 silly audit   'mongodb-connection-string-url': [ '7.0.2' ],
530 silly audit   'sparse-bitfield': [ '3.0.3' ],
530 silly audit   '@types/whatwg-url': [ '13.0.0' ],
530 silly audit   'whatwg-url': [ '14.2.0' ],
530 silly audit   '@types/webidl-conversions': [ '7.0.3' ],
530 silly audit   'ee-first': [ '1.1.1' ],
530 silly audit   wrappy: [ '1.0.2' ],
530 silly audit   forwarded: [ '0.2.0' ],
530 silly audit   'ipaddr.js': [ '1.9.1' ],
530 silly audit   'es-define-property': [ '1.0.1' ],
530 silly audit   'side-channel': [ '1.1.1' ],
530 silly audit   unpipe: [ '1.0.0' ],
530 silly audit   'is-promise': [ '4.0.0' ],
530 silly audit   'path-to-regexp': [ '8.4.2' ],
530 silly audit   'es-errors': [ '1.3.0' ],
530 silly audit   'object-inspect': [ '1.13.4' ],
530 silly audit   'side-channel-list': [ '1.0.1' ],
530 silly audit   'side-channel-map': [ '1.0.1' ],
530 silly audit   'side-channel-weakmap': [ '1.0.2' ],
530 silly audit   'call-bound': [ '1.0.4' ],
530 silly audit   'get-intrinsic': [ '1.3.0' ],
530 silly audit   'call-bind-apply-helpers': [ '1.0.2' ],
530 silly audit   'function-bind': [ '1.1.2' ],
530 silly audit   'es-object-atoms': [ '1.1.2' ],
530 silly audit   'get-proto': [ '1.0.1' ],
530 silly audit   gopd: [ '1.2.0' ],
530 silly audit   'has-symbols': [ '1.1.0' ],
530 silly audit   hasown: [ '2.0.4' ],
530 silly audit   'math-intrinsics': [ '1.1.0' ],
530 silly audit   'dunder-proto': [ '1.0.1' ],
530 silly audit   'memory-pager': [ '1.5.0' ],
530 silly audit   'media-typer': [ '1.1.1' ],
530 silly audit   tr46: [ '5.1.1' ],
530 silly audit   'webidl-conversions': [ '7.0.0' ],
530 silly audit   punycode: [ '2.3.1' ]
530 silly audit }
531 http cache punycode@https://registry.npmjs.org/punycode/-/punycode-2.3.1.tgz 0ms (cache hit)
532 http cache tr46@https://registry.npmjs.org/tr46/-/tr46-5.1.1.tgz 0ms (cache hit)
533 http cache dunder-proto@https://registry.npmjs.org/dunder-proto/-/dunder-proto-1.0.1.tgz 0ms (cache hit)
534 http cache webidl-conversions@https://registry.npmjs.org/webidl-conversions/-/webidl-conversions-7.0.0.tgz 0ms (cache hit)
535 http cache math-intrinsics@https://registry.npmjs.org/math-intrinsics/-/math-intrinsics-1.1.0.tgz 0ms (cache hit)
536 http cache memory-pager@https://registry.npmjs.org/memory-pager/-/memory-pager-1.5.0.tgz 0ms (cache hit)
537 http cache hasown@https://registry.npmjs.org/hasown/-/hasown-2.0.4.tgz 0ms (cache hit)
538 http cache media-typer@https://registry.npmjs.org/media-typer/-/media-typer-1.1.1.tgz 0ms (cache hit)
539 http cache has-symbols@https://registry.npmjs.org/has-symbols/-/has-symbols-1.1.0.tgz 0ms (cache hit)
540 http cache gopd@https://registry.npmjs.org/gopd/-/gopd-1.2.0.tgz 0ms (cache hit)
541 http cache es-object-atoms@https://registry.npmjs.org/es-object-atoms/-/es-object-atoms-1.1.2.tgz 0ms (cache hit)
542 http cache get-proto@https://registry.npmjs.org/get-proto/-/get-proto-1.0.1.tgz 0ms (cache hit)
543 http cache call-bind-apply-helpers@https://registry.npmjs.org/call-bind-apply-helpers/-/call-bind-apply-helpers-1.0.2.tgz 0ms (cache hit)
544 http cache get-intrinsic@https://registry.npmjs.org/get-intrinsic/-/get-intrinsic-1.3.0.tgz 0ms (cache hit)
545 http cache call-bound@https://registry.npmjs.org/call-bound/-/call-bound-1.0.4.tgz 0ms (cache hit)
546 http cache function-bind@https://registry.npmjs.org/function-bind/-/function-bind-1.1.2.tgz 0ms (cache hit)
547 http cache side-channel-map@https://registry.npmjs.org/side-channel-map/-/side-channel-map-1.0.1.tgz 0ms (cache hit)
548 http cache side-channel-list@https://registry.npmjs.org/side-channel-list/-/side-channel-list-1.0.1.tgz 0ms (cache hit)
549 http cache object-inspect@https://registry.npmjs.org/object-inspect/-/object-inspect-1.13.4.tgz 0ms (cache hit)
550 http cache side-channel-weakmap@https://registry.npmjs.org/side-channel-weakmap/-/side-channel-weakmap-1.0.2.tgz 0ms (cache hit)
551 http cache path-to-regexp@https://registry.npmjs.org/path-to-regexp/-/path-to-regexp-8.4.2.tgz 0ms (cache hit)
552 http cache es-errors@https://registry.npmjs.org/es-errors/-/es-errors-1.3.0.tgz 0ms (cache hit)
553 http cache is-promise@https://registry.npmjs.org/is-promise/-/is-promise-4.0.0.tgz 0ms (cache hit)
554 http cache unpipe@https://registry.npmjs.org/unpipe/-/unpipe-1.0.0.tgz 0ms (cache hit)
555 http cache es-define-property@https://registry.npmjs.org/es-define-property/-/es-define-property-1.0.1.tgz 0ms (cache hit)
556 http cache ipaddr.js@https://registry.npmjs.org/ipaddr.js/-/ipaddr.js-1.9.1.tgz 0ms (cache hit)
557 http cache side-channel@https://registry.npmjs.org/side-channel/-/side-channel-1.1.1.tgz 0ms (cache hit)
558 http cache ee-first@https://registry.npmjs.org/ee-first/-/ee-first-1.1.1.tgz 0ms (cache hit)
559 http cache @types/webidl-conversions@https://registry.npmjs.org/@types/webidl-conversions/-/webidl-conversions-7.0.3.tgz 0ms (cache hit)
560 http cache @types/whatwg-url@https://registry.npmjs.org/@types/whatwg-url/-/whatwg-url-13.0.0.tgz 0ms (cache hit)
561 http cache whatwg-url@https://registry.npmjs.org/whatwg-url/-/whatwg-url-14.2.0.tgz 0ms (cache hit)
562 http cache sparse-bitfield@https://registry.npmjs.org/sparse-bitfield/-/sparse-bitfield-3.0.3.tgz 0ms (cache hit)
563 http cache forwarded@https://registry.npmjs.org/forwarded/-/forwarded-0.2.0.tgz 0ms (cache hit)
564 http cache @mongodb-js/saslprep@https://registry.npmjs.org/@mongodb-js/saslprep/-/saslprep-1.4.13.tgz 0ms (cache hit)
565 http cache bson@https://registry.npmjs.org/bson/-/bson-7.3.1.tgz 0ms (cache hit)
566 http cache mquery@https://registry.npmjs.org/mquery/-/mquery-6.0.0.tgz 0ms (cache hit)
567 http cache mpath@https://registry.npmjs.org/mpath/-/mpath-0.9.0.tgz 0ms (cache hit)
568 http cache @standard-schema/spec@https://registry.npmjs.org/@standard-schema/spec/-/spec-1.1.0.tgz 0ms (cache hit)
569 http cache wrappy@https://registry.npmjs.org/wrappy/-/wrappy-1.0.2.tgz 0ms (cache hit)
570 http cache sift@https://registry.npmjs.org/sift/-/sift-17.1.3.tgz 0ms (cache hit)
571 http cache mongodb@https://registry.npmjs.org/mongodb/-/mongodb-7.5.0.tgz 0ms (cache hit)
572 http cache kareem@https://registry.npmjs.org/kareem/-/kareem-3.3.0.tgz 0ms (cache hit)
573 http cache mime-db@https://registry.npmjs.org/mime-db/-/mime-db-1.54.0.tgz 0ms (cache hit)
574 http cache setprototypeof@https://registry.npmjs.org/setprototypeof/-/setprototypeof-1.2.0.tgz 0ms (cache hit)
575 http cache mongodb-connection-string-url@https://registry.npmjs.org/mongodb-connection-string-url/-/mongodb-connection-string-url-7.0.2.tgz 0ms (cache hit)
576 http cache inherits@https://registry.npmjs.org/inherits/-/inherits-2.0.4.tgz 0ms (cache hit)
577 http cache ms@https://registry.npmjs.org/ms/-/ms-2.1.3.tgz 0ms (cache hit)
578 http cache raw-body@https://registry.npmjs.org/raw-body/-/raw-body-3.0.2.tgz 0ms (cache hit)
579 http cache iconv-lite@https://registry.npmjs.org/iconv-lite/-/iconv-lite-0.7.3.tgz 0ms (cache hit)
580 http cache bytes@https://registry.npmjs.org/bytes/-/bytes-3.1.2.tgz 0ms (cache hit)
581 http cache negotiator@https://registry.npmjs.org/negotiator/-/negotiator-1.0.0.tgz 0ms (cache hit)
582 http cache type-is@https://registry.npmjs.org/type-is/-/type-is-2.1.0.tgz 0ms (cache hit)
583 http cache statuses@https://registry.npmjs.org/statuses/-/statuses-2.0.2.tgz 0ms (cache hit)
584 http cache send@https://registry.npmjs.org/send/-/send-1.2.1.tgz 0ms (cache hit)
585 http cache serve-static@https://registry.npmjs.org/serve-static/-/serve-static-2.2.1.tgz 0ms (cache hit)
586 http cache range-parser@https://registry.npmjs.org/range-parser/-/range-parser-1.3.0.tgz 0ms (cache hit)
587 http cache router@https://registry.npmjs.org/router/-/router-2.2.0.tgz 0ms (cache hit)
588 http cache qs@https://registry.npmjs.org/qs/-/qs-6.15.3.tgz 0ms (cache hit)
589 http cache proxy-addr@https://registry.npmjs.org/proxy-addr/-/proxy-addr-2.0.7.tgz 0ms (cache hit)
590 http cache parseurl@https://registry.npmjs.org/parseurl/-/parseurl-1.3.3.tgz 0ms (cache hit)
591 http cache once@https://registry.npmjs.org/once/-/once-1.4.0.tgz 0ms (cache hit)
592 http cache on-finished@https://registry.npmjs.org/on-finished/-/on-finished-2.4.1.tgz 0ms (cache hit)
593 http cache merge-descriptors@https://registry.npmjs.org/merge-descriptors/-/merge-descriptors-2.0.0.tgz 0ms (cache hit)
594 http cache http-errors@https://registry.npmjs.org/http-errors/-/http-errors-2.0.1.tgz 0ms (cache hit)
595 http cache safer-buffer@https://registry.npmjs.org/safer-buffer/-/safer-buffer-2.1.2.tgz 0ms (cache hit)
596 http cache fresh@https://registry.npmjs.org/fresh/-/fresh-2.0.0.tgz 0ms (cache hit)
597 http cache toidentifier@https://registry.npmjs.org/toidentifier/-/toidentifier-1.0.1.tgz 0ms (cache hit)
598 http cache finalhandler@https://registry.npmjs.org/finalhandler/-/finalhandler-2.1.1.tgz 0ms (cache hit)
599 http cache etag@https://registry.npmjs.org/etag/-/etag-1.8.1.tgz 0ms (cache hit)
600 http cache escape-html@https://registry.npmjs.org/escape-html/-/escape-html-1.0.3.tgz 0ms (cache hit)
601 http cache encodeurl@https://registry.npmjs.org/encodeurl/-/encodeurl-2.0.0.tgz 0ms (cache hit)
602 http cache depd@https://registry.npmjs.org/depd/-/depd-2.0.0.tgz 0ms (cache hit)
603 http cache cookie-signature@https://registry.npmjs.org/cookie-signature/-/cookie-signature-1.2.2.tgz 0ms (cache hit)
604 http cache cookie@https://registry.npmjs.org/cookie/-/cookie-0.7.2.tgz 0ms (cache hit)
605 http cache content-type@https://registry.npmjs.org/content-type/-/content-type-1.0.5.tgz 0ms (cache hit)
606 http cache content-disposition@https://registry.npmjs.org/content-disposition/-/content-disposition-1.1.0.tgz 0ms (cache hit)
607 http cache body-parser@https://registry.npmjs.org/body-parser/-/body-parser-2.3.0.tgz 0ms (cache hit)
608 http cache accepts@https://registry.npmjs.org/accepts/-/accepts-2.0.0.tgz 0ms (cache hit)
609 http cache vary@https://registry.npmjs.org/vary/-/vary-1.1.2.tgz 0ms (cache hit)
610 http cache object-assign@https://registry.npmjs.org/object-assign/-/object-assign-4.1.1.tgz 0ms (cache hit)
611 http cache content-type@https://registry.npmjs.org/content-type/-/content-type-2.0.0.tgz 0ms (cache hit)
612 http cache mongoose@https://registry.npmjs.org/mongoose/-/mongoose-9.8.0.tgz 0ms (cache hit)
613 http cache dotenv@https://registry.npmjs.org/dotenv/-/dotenv-17.4.2.tgz 0ms (cache hit)
614 http cache express@https://registry.npmjs.org/express/-/express-5.2.1.tgz 0ms (cache hit)
615 http cache mime-types@https://registry.npmjs.org/mime-types/-/mime-types-3.0.2.tgz 0ms (cache hit)
616 http cache debug@https://registry.npmjs.org/debug/-/debug-4.4.3.tgz 0ms (cache hit)
617 silly tarball no local data for punycode@https://registry.npmjs.org/punycode/-/punycode-2.3.1.tgz. Extracting by manifest.
618 http cache cors@https://registry.npmjs.org/cors/-/cors-2.8.6.tgz 0ms (cache hit)
619 silly tarball no local data for tr46@https://registry.npmjs.org/tr46/-/tr46-5.1.1.tgz. Extracting by manifest.
620 silly tarball no local data for dunder-proto@https://registry.npmjs.org/dunder-proto/-/dunder-proto-1.0.1.tgz. Extracting by manifest.
621 silly tarball no local data for webidl-conversions@https://registry.npmjs.org/webidl-conversions/-/webidl-conversions-7.0.0.tgz. Extracting by manifest.
622 silly tarball no local data for math-intrinsics@https://registry.npmjs.org/math-intrinsics/-/math-intrinsics-1.1.0.tgz. Extracting by manifest.
623 silly tarball no local data for memory-pager@https://registry.npmjs.org/memory-pager/-/memory-pager-1.5.0.tgz. Extracting by manifest.
624 silly tarball no local data for hasown@https://registry.npmjs.org/hasown/-/hasown-2.0.4.tgz. Extracting by manifest.
625 silly tarball no local data for media-typer@https://registry.npmjs.org/media-typer/-/media-typer-1.1.1.tgz. Extracting by manifest.
626 silly tarball no local data for has-symbols@https://registry.npmjs.org/has-symbols/-/has-symbols-1.1.0.tgz. Extracting by manifest.
627 silly tarball no local data for gopd@https://registry.npmjs.org/gopd/-/gopd-1.2.0.tgz. Extracting by manifest.
628 silly tarball no local data for es-object-atoms@https://registry.npmjs.org/es-object-atoms/-/es-object-atoms-1.1.2.tgz. Extracting by manifest.
629 silly tarball no local data for get-proto@https://registry.npmjs.org/get-proto/-/get-proto-1.0.1.tgz. Extracting by manifest.
630 silly tarball no local data for call-bind-apply-helpers@https://registry.npmjs.org/call-bind-apply-helpers/-/call-bind-apply-helpers-1.0.2.tgz. Extracting by manifest.
631 silly tarball no local data for get-intrinsic@https://registry.npmjs.org/get-intrinsic/-/get-intrinsic-1.3.0.tgz. Extracting by manifest.
632 silly tarball no local data for call-bound@https://registry.npmjs.org/call-bound/-/call-bound-1.0.4.tgz. Extracting by manifest.
633 silly tarball no local data for function-bind@https://registry.npmjs.org/function-bind/-/function-bind-1.1.2.tgz. Extracting by manifest.
634 silly tarball no local data for side-channel-map@https://registry.npmjs.org/side-channel-map/-/side-channel-map-1.0.1.tgz. Extracting by manifest.
635 silly tarball no local data for side-channel-list@https://registry.npmjs.org/side-channel-list/-/side-channel-list-1.0.1.tgz. Extracting by manifest.
636 silly tarball no local data for object-inspect@https://registry.npmjs.org/object-inspect/-/object-inspect-1.13.4.tgz. Extracting by manifest.
637 silly tarball no local data for side-channel-weakmap@https://registry.npmjs.org/side-channel-weakmap/-/side-channel-weakmap-1.0.2.tgz. Extracting by manifest.
638 silly tarball no local data for path-to-regexp@https://registry.npmjs.org/path-to-regexp/-/path-to-regexp-8.4.2.tgz. Extracting by manifest.
639 silly tarball no local data for es-errors@https://registry.npmjs.org/es-errors/-/es-errors-1.3.0.tgz. Extracting by manifest.
640 silly tarball no local data for is-promise@https://registry.npmjs.org/is-promise/-/is-promise-4.0.0.tgz. Extracting by manifest.
641 silly tarball no local data for unpipe@https://registry.npmjs.org/unpipe/-/unpipe-1.0.0.tgz. Extracting by manifest.
642 silly tarball no local data for es-define-property@https://registry.npmjs.org/es-define-property/-/es-define-property-1.0.1.tgz. Extracting by manifest.
643 silly tarball no local data for ipaddr.js@https://registry.npmjs.org/ipaddr.js/-/ipaddr.js-1.9.1.tgz. Extracting by manifest.
644 silly tarball no local data for side-channel@https://registry.npmjs.org/side-channel/-/side-channel-1.1.1.tgz. Extracting by manifest.
645 silly tarball no local data for ee-first@https://registry.npmjs.org/ee-first/-/ee-first-1.1.1.tgz. Extracting by manifest.
646 silly tarball no local data for @types/webidl-conversions@https://registry.npmjs.org/@types/webidl-conversions/-/webidl-conversions-7.0.3.tgz. Extracting by manifest.
647 silly tarball no local data for @types/whatwg-url@https://registry.npmjs.org/@types/whatwg-url/-/whatwg-url-13.0.0.tgz. Extracting by manifest.
648 silly tarball no local data for whatwg-url@https://registry.npmjs.org/whatwg-url/-/whatwg-url-14.2.0.tgz. Extracting by manifest.
649 silly tarball no local data for sparse-bitfield@https://registry.npmjs.org/sparse-bitfield/-/sparse-bitfield-3.0.3.tgz. Extracting by manifest.
650 silly tarball no local data for forwarded@https://registry.npmjs.org/forwarded/-/forwarded-0.2.0.tgz. Extracting by manifest.
651 http cache bcryptjs@https://registry.npmjs.org/bcryptjs/-/bcryptjs-3.0.3.tgz 0ms (cache hit)
652 silly tarball no local data for @mongodb-js/saslprep@https://registry.npmjs.org/@mongodb-js/saslprep/-/saslprep-1.4.13.tgz. Extracting by manifest.
653 http cache content-type@https://registry.npmjs.org/content-type/-/content-type-2.0.0.tgz 0ms (cache hit)
654 silly tarball no local data for bson@https://registry.npmjs.org/bson/-/bson-7.3.1.tgz. Extracting by manifest.
655 silly tarball no local data for mquery@https://registry.npmjs.org/mquery/-/mquery-6.0.0.tgz. Extracting by manifest.
656 silly tarball no local data for mpath@https://registry.npmjs.org/mpath/-/mpath-0.9.0.tgz. Extracting by manifest.
657 silly tarball no local data for @standard-schema/spec@https://registry.npmjs.org/@standard-schema/spec/-/spec-1.1.0.tgz. Extracting by manifest.
658 silly tarball no local data for wrappy@https://registry.npmjs.org/wrappy/-/wrappy-1.0.2.tgz. Extracting by manifest.
659 silly tarball no local data for sift@https://registry.npmjs.org/sift/-/sift-17.1.3.tgz. Extracting by manifest.
660 silly tarball no local data for mongodb@https://registry.npmjs.org/mongodb/-/mongodb-7.5.0.tgz. Extracting by manifest.
661 silly tarball no local data for kareem@https://registry.npmjs.org/kareem/-/kareem-3.3.0.tgz. Extracting by manifest.
662 silly tarball no local data for mime-db@https://registry.npmjs.org/mime-db/-/mime-db-1.54.0.tgz. Extracting by manifest.
663 silly tarball no local data for setprototypeof@https://registry.npmjs.org/setprototypeof/-/setprototypeof-1.2.0.tgz. Extracting by manifest.
664 silly tarball no local data for mongodb-connection-string-url@https://registry.npmjs.org/mongodb-connection-string-url/-/mongodb-connection-string-url-7.0.2.tgz. Extracting by manifest.
665 silly tarball no local data for inherits@https://registry.npmjs.org/inherits/-/inherits-2.0.4.tgz. Extracting by manifest.
666 silly tarball no local data for ms@https://registry.npmjs.org/ms/-/ms-2.1.3.tgz. Extracting by manifest.
667 silly tarball no local data for raw-body@https://registry.npmjs.org/raw-body/-/raw-body-3.0.2.tgz. Extracting by manifest.
668 silly tarball no local data for iconv-lite@https://registry.npmjs.org/iconv-lite/-/iconv-lite-0.7.3.tgz. Extracting by manifest.
669 silly tarball no local data for bytes@https://registry.npmjs.org/bytes/-/bytes-3.1.2.tgz. Extracting by manifest.
670 silly tarball no local data for negotiator@https://registry.npmjs.org/negotiator/-/negotiator-1.0.0.tgz. Extracting by manifest.
671 silly tarball no local data for type-is@https://registry.npmjs.org/type-is/-/type-is-2.1.0.tgz. Extracting by manifest.
672 silly tarball no local data for statuses@https://registry.npmjs.org/statuses/-/statuses-2.0.2.tgz. Extracting by manifest.
673 silly tarball no local data for send@https://registry.npmjs.org/send/-/send-1.2.1.tgz. Extracting by manifest.
674 silly tarball no local data for serve-static@https://registry.npmjs.org/serve-static/-/serve-static-2.2.1.tgz. Extracting by manifest.
675 silly tarball no local data for range-parser@https://registry.npmjs.org/range-parser/-/range-parser-1.3.0.tgz. Extracting by manifest.
676 silly tarball no local data for router@https://registry.npmjs.org/router/-/router-2.2.0.tgz. Extracting by manifest.
677 silly tarball no local data for qs@https://registry.npmjs.org/qs/-/qs-6.15.3.tgz. Extracting by manifest.
678 silly tarball no local data for proxy-addr@https://registry.npmjs.org/proxy-addr/-/proxy-addr-2.0.7.tgz. Extracting by manifest.
679 silly tarball no local data for parseurl@https://registry.npmjs.org/parseurl/-/parseurl-1.3.3.tgz. Extracting by manifest.
680 silly tarball no local data for once@https://registry.npmjs.org/once/-/once-1.4.0.tgz. Extracting by manifest.
681 silly tarball no local data for on-finished@https://registry.npmjs.org/on-finished/-/on-finished-2.4.1.tgz. Extracting by manifest.
682 silly tarball no local data for merge-descriptors@https://registry.npmjs.org/merge-descriptors/-/merge-descriptors-2.0.0.tgz. Extracting by manifest.
683 silly tarball no local data for http-errors@https://registry.npmjs.org/http-errors/-/http-errors-2.0.1.tgz. Extracting by manifest.
684 silly tarball no local data for safer-buffer@https://registry.npmjs.org/safer-buffer/-/safer-buffer-2.1.2.tgz. Extracting by manifest.
685 silly tarball no local data for fresh@https://registry.npmjs.org/fresh/-/fresh-2.0.0.tgz. Extracting by manifest.
686 silly tarball no local data for toidentifier@https://registry.npmjs.org/toidentifier/-/toidentifier-1.0.1.tgz. Extracting by manifest.
687 silly tarball no local data for finalhandler@https://registry.npmjs.org/finalhandler/-/finalhandler-2.1.1.tgz. Extracting by manifest.
688 silly tarball no local data for etag@https://registry.npmjs.org/etag/-/etag-1.8.1.tgz. Extracting by manifest.
689 silly tarball no local data for escape-html@https://registry.npmjs.org/escape-html/-/escape-html-1.0.3.tgz. Extracting by manifest.
690 silly tarball no local data for encodeurl@https://registry.npmjs.org/encodeurl/-/encodeurl-2.0.0.tgz. Extracting by manifest.
691 silly tarball no local data for depd@https://registry.npmjs.org/depd/-/depd-2.0.0.tgz. Extracting by manifest.
692 silly tarball no local data for cookie-signature@https://registry.npmjs.org/cookie-signature/-/cookie-signature-1.2.2.tgz. Extracting by manifest.
693 silly tarball no local data for cookie@https://registry.npmjs.org/cookie/-/cookie-0.7.2.tgz. Extracting by manifest.
694 silly tarball no local data for content-type@https://registry.npmjs.org/content-type/-/content-type-1.0.5.tgz. Extracting by manifest.
695 silly tarball no local data for content-disposition@https://registry.npmjs.org/content-disposition/-/content-disposition-1.1.0.tgz. Extracting by manifest.
696 silly tarball no local data for body-parser@https://registry.npmjs.org/body-parser/-/body-parser-2.3.0.tgz. Extracting by manifest.
697 silly tarball no local data for accepts@https://registry.npmjs.org/accepts/-/accepts-2.0.0.tgz. Extracting by manifest.
698 silly tarball no local data for vary@https://registry.npmjs.org/vary/-/vary-1.1.2.tgz. Extracting by manifest.
699 silly tarball no local data for object-assign@https://registry.npmjs.org/object-assign/-/object-assign-4.1.1.tgz. Extracting by manifest.
700 silly tarball no local data for content-type@https://registry.npmjs.org/content-type/-/content-type-2.0.0.tgz. Extracting by manifest.
701 silly tarball no local data for mongoose@https://registry.npmjs.org/mongoose/-/mongoose-9.8.0.tgz. Extracting by manifest.
702 silly tarball no local data for dotenv@https://registry.npmjs.org/dotenv/-/dotenv-17.4.2.tgz. Extracting by manifest.
703 silly tarball no local data for express@https://registry.npmjs.org/express/-/express-5.2.1.tgz. Extracting by manifest.
704 silly tarball no local data for mime-types@https://registry.npmjs.org/mime-types/-/mime-types-3.0.2.tgz. Extracting by manifest.
705 silly tarball no local data for debug@https://registry.npmjs.org/debug/-/debug-4.4.3.tgz. Extracting by manifest.
706 silly tarball no local data for cors@https://registry.npmjs.org/cors/-/cors-2.8.6.tgz. Extracting by manifest.
707 silly tarball no local data for bcryptjs@https://registry.npmjs.org/bcryptjs/-/bcryptjs-3.0.3.tgz. Extracting by manifest.
708 silly tarball no local data for content-type@https://registry.npmjs.org/content-type/-/content-type-2.0.0.tgz. Extracting by manifest.
709 http fetch GET 200 https://registry.npmjs.org/dunder-proto/-/dunder-proto-1.0.1.tgz 100ms (cache miss)
710 http fetch GET 200 https://registry.npmjs.org/punycode/-/punycode-2.3.1.tgz 104ms (cache miss)
711 http fetch GET 200 https://registry.npmjs.org/webidl-conversions/-/webidl-conversions-7.0.0.tgz 107ms (cache miss)
712 http fetch GET 200 https://registry.npmjs.org/has-symbols/-/has-symbols-1.1.0.tgz 137ms (cache miss)
713 http fetch GET 200 https://registry.npmjs.org/media-typer/-/media-typer-1.1.1.tgz 137ms (cache miss)
714 http fetch GET 200 https://registry.npmjs.org/memory-pager/-/memory-pager-1.5.0.tgz 139ms (cache miss)
715 http fetch GET 200 https://registry.npmjs.org/tr46/-/tr46-5.1.1.tgz 143ms (cache miss)
716 http fetch GET 200 https://registry.npmjs.org/hasown/-/hasown-2.0.4.tgz 146ms (cache miss)
717 http fetch GET 200 https://registry.npmjs.org/gopd/-/gopd-1.2.0.tgz 150ms (cache miss)
718 http fetch GET 200 https://registry.npmjs.org/function-bind/-/function-bind-1.1.2.tgz 193ms (cache miss)
719 http fetch GET 200 https://registry.npmjs.org/side-channel-map/-/side-channel-map-1.0.1.tgz 198ms (cache miss)
720 http fetch GET 200 https://registry.npmjs.org/side-channel-list/-/side-channel-list-1.0.1.tgz 203ms (cache miss)
721 http fetch GET 200 https://registry.npmjs.org/path-to-regexp/-/path-to-regexp-8.4.2.tgz 209ms (cache miss)
722 http fetch GET 200 https://registry.npmjs.org/is-promise/-/is-promise-4.0.0.tgz 219ms (cache miss)
723 http fetch GET 200 https://registry.npmjs.org/unpipe/-/unpipe-1.0.0.tgz 220ms (cache miss)
724 http fetch GET 200 https://registry.npmjs.org/call-bound/-/call-bound-1.0.4.tgz 225ms (cache miss)
725 http fetch GET 200 https://registry.npmjs.org/side-channel-weakmap/-/side-channel-weakmap-1.0.2.tgz 230ms (cache miss)
726 http fetch GET 200 https://registry.npmjs.org/math-intrinsics/-/math-intrinsics-1.1.0.tgz 244ms (cache miss)
727 http fetch GET 200 https://registry.npmjs.org/es-define-property/-/es-define-property-1.0.1.tgz 246ms (cache miss)
728 http fetch GET 200 https://registry.npmjs.org/es-errors/-/es-errors-1.3.0.tgz 251ms (cache miss)
729 http fetch GET 200 https://registry.npmjs.org/ee-first/-/ee-first-1.1.1.tgz 256ms (cache miss)
730 http fetch GET 200 https://registry.npmjs.org/side-channel/-/side-channel-1.1.1.tgz 257ms (cache miss)
731 http fetch GET 200 https://registry.npmjs.org/@types/webidl-conversions/-/webidl-conversions-7.0.3.tgz 260ms (cache miss)
732 http fetch GET 200 https://registry.npmjs.org/ipaddr.js/-/ipaddr.js-1.9.1.tgz 262ms (cache miss)
733 http fetch POST 200 https://registry.npmjs.org/-/npm/v1/security/advisories/bulk 299ms
734 silly audit report {}
735 http fetch GET 200 https://registry.npmjs.org/@types/whatwg-url/-/whatwg-url-13.0.0.tgz 284ms (cache miss)
736 http fetch GET 200 https://registry.npmjs.org/object-inspect/-/object-inspect-1.13.4.tgz 298ms (cache miss)
737 http fetch GET 200 https://registry.npmjs.org/forwarded/-/forwarded-0.2.0.tgz 301ms (cache miss)
738 http fetch GET 200 https://registry.npmjs.org/sparse-bitfield/-/sparse-bitfield-3.0.3.tgz 301ms (cache miss)
739 http fetch GET 200 https://registry.npmjs.org/get-intrinsic/-/get-intrinsic-1.3.0.tgz 334ms (cache miss)
740 http fetch GET 200 https://registry.npmjs.org/mpath/-/mpath-0.9.0.tgz 331ms (cache miss)
741 http fetch GET 200 https://registry.npmjs.org/wrappy/-/wrappy-1.0.2.tgz 333ms (cache miss)
742 http fetch GET 200 https://registry.npmjs.org/@standard-schema/spec/-/spec-1.1.0.tgz 340ms (cache miss)
743 http fetch GET 200 https://registry.npmjs.org/get-proto/-/get-proto-1.0.1.tgz 348ms (cache miss)
744 http fetch GET 200 https://registry.npmjs.org/es-object-atoms/-/es-object-atoms-1.1.2.tgz 355ms (cache miss)
745 http fetch GET 200 https://registry.npmjs.org/whatwg-url/-/whatwg-url-14.2.0.tgz 350ms (cache miss)
746 http fetch GET 200 https://registry.npmjs.org/call-bind-apply-helpers/-/call-bind-apply-helpers-1.0.2.tgz 363ms (cache miss)
747 http fetch GET 200 https://registry.npmjs.org/mquery/-/mquery-6.0.0.tgz 357ms (cache miss)
748 http fetch GET 200 https://registry.npmjs.org/setprototypeof/-/setprototypeof-1.2.0.tgz 412ms (cache miss)
749 http fetch GET 200 https://registry.npmjs.org/kareem/-/kareem-3.3.0.tgz 432ms (cache miss)
750 http fetch GET 200 https://registry.npmjs.org/ms/-/ms-2.1.3.tgz 438ms (cache miss)
751 http fetch GET 200 https://registry.npmjs.org/mime-db/-/mime-db-1.54.0.tgz 440ms (cache miss)
752 http fetch GET 200 https://registry.npmjs.org/bytes/-/bytes-3.1.2.tgz 442ms (cache miss)
753 http fetch GET 200 https://registry.npmjs.org/type-is/-/type-is-2.1.0.tgz 446ms (cache miss)
754 http fetch GET 200 https://registry.npmjs.org/statuses/-/statuses-2.0.2.tgz 450ms (cache miss)
755 http fetch GET 200 https://registry.npmjs.org/raw-body/-/raw-body-3.0.2.tgz 458ms (cache miss)
756 http fetch GET 200 https://registry.npmjs.org/@mongodb-js/saslprep/-/saslprep-1.4.13.tgz 476ms (cache miss)
757 http fetch GET 200 https://registry.npmjs.org/mongodb-connection-string-url/-/mongodb-connection-string-url-7.0.2.tgz 475ms (cache miss)
758 http fetch GET 200 https://registry.npmjs.org/negotiator/-/negotiator-1.0.0.tgz 473ms (cache miss)
759 http fetch GET 200 https://registry.npmjs.org/inherits/-/inherits-2.0.4.tgz 479ms (cache miss)
760 http fetch GET 200 https://registry.npmjs.org/send/-/send-1.2.1.tgz 490ms (cache miss)
761 http fetch GET 200 https://registry.npmjs.org/sift/-/sift-17.1.3.tgz 500ms (cache miss)
762 http fetch GET 200 https://registry.npmjs.org/range-parser/-/range-parser-1.3.0.tgz 504ms (cache miss)
763 http fetch GET 200 https://registry.npmjs.org/proxy-addr/-/proxy-addr-2.0.7.tgz 521ms (cache miss)
764 http fetch GET 200 https://registry.npmjs.org/merge-descriptors/-/merge-descriptors-2.0.0.tgz 520ms (cache miss)
765 http fetch GET 200 https://registry.npmjs.org/on-finished/-/on-finished-2.4.1.tgz 527ms (cache miss)
766 http fetch GET 200 https://registry.npmjs.org/once/-/once-1.4.0.tgz 527ms (cache miss)
767 http fetch GET 200 https://registry.npmjs.org/parseurl/-/parseurl-1.3.3.tgz 528ms (cache miss)
768 http fetch GET 200 https://registry.npmjs.org/http-errors/-/http-errors-2.0.1.tgz 529ms (cache miss)
769 http fetch GET 200 https://registry.npmjs.org/fresh/-/fresh-2.0.0.tgz 531ms (cache miss)
770 http fetch GET 200 https://registry.npmjs.org/serve-static/-/serve-static-2.2.1.tgz 534ms (cache miss)
771 http fetch GET 200 https://registry.npmjs.org/safer-buffer/-/safer-buffer-2.1.2.tgz 538ms (cache miss)
772 http fetch GET 200 https://registry.npmjs.org/router/-/router-2.2.0.tgz 545ms (cache miss)
773 http fetch GET 200 https://registry.npmjs.org/iconv-lite/-/iconv-lite-0.7.3.tgz 558ms (cache miss)
774 http fetch GET 200 https://registry.npmjs.org/finalhandler/-/finalhandler-2.1.1.tgz 569ms (cache miss)
775 http fetch GET 200 https://registry.npmjs.org/encodeurl/-/encodeurl-2.0.0.tgz 598ms (cache miss)
776 http fetch GET 200 https://registry.npmjs.org/qs/-/qs-6.15.3.tgz 602ms (cache miss)
777 http fetch GET 200 https://registry.npmjs.org/depd/-/depd-2.0.0.tgz 605ms (cache miss)
778 http fetch GET 200 https://registry.npmjs.org/cookie-signature/-/cookie-signature-1.2.2.tgz 606ms (cache miss)
779 http fetch GET 200 https://registry.npmjs.org/escape-html/-/escape-html-1.0.3.tgz 607ms (cache miss)
780 http fetch GET 200 https://registry.npmjs.org/content-type/-/content-type-1.0.5.tgz 609ms (cache miss)
781 http fetch GET 200 https://registry.npmjs.org/etag/-/etag-1.8.1.tgz 611ms (cache miss)
782 http fetch GET 200 https://registry.npmjs.org/object-assign/-/object-assign-4.1.1.tgz 611ms (cache miss)
783 http fetch GET 200 https://registry.npmjs.org/accepts/-/accepts-2.0.0.tgz 613ms (cache miss)
784 http fetch GET 200 https://registry.npmjs.org/body-parser/-/body-parser-2.3.0.tgz 615ms (cache miss)
785 http fetch GET 200 https://registry.npmjs.org/vary/-/vary-1.1.2.tgz 619ms (cache miss)
786 http fetch GET 200 https://registry.npmjs.org/content-type/-/content-type-2.0.0.tgz 623ms (cache miss)
787 http fetch GET 200 https://registry.npmjs.org/cookie/-/cookie-0.7.2.tgz 628ms (cache miss)
788 http fetch GET 200 https://registry.npmjs.org/content-disposition/-/content-disposition-1.1.0.tgz 628ms (cache miss)
789 http fetch GET 200 https://registry.npmjs.org/toidentifier/-/toidentifier-1.0.1.tgz 651ms (cache miss)
790 http fetch GET 200 https://registry.npmjs.org/mime-types/-/mime-types-3.0.2.tgz 699ms (cache miss)
791 http fetch GET 200 https://registry.npmjs.org/cors/-/cors-2.8.6.tgz 702ms (cache miss)
792 http fetch GET 200 https://registry.npmjs.org/bson/-/bson-7.3.1.tgz 722ms (cache miss)
793 http fetch GET 200 https://registry.npmjs.org/content-type/-/content-type-2.0.0.tgz 704ms (cache miss)
794 http fetch GET 200 https://registry.npmjs.org/debug/-/debug-4.4.3.tgz 733ms (cache miss)
795 http fetch GET 200 https://registry.npmjs.org/bcryptjs/-/bcryptjs-3.0.3.tgz 727ms (cache miss)
796 http fetch GET 200 https://registry.npmjs.org/express/-/express-5.2.1.tgz 741ms (cache miss)
797 http fetch GET 200 https://registry.npmjs.org/dotenv/-/dotenv-17.4.2.tgz 769ms (cache miss)
798 http fetch GET 200 https://registry.npmjs.org/mongoose/-/mongoose-9.8.0.tgz 1255ms (cache miss)
799 http fetch GET 200 https://registry.npmjs.org/mongodb/-/mongodb-7.5.0.tgz 1343ms (cache miss)
800 silly ADD node_modules/punycode
801 silly ADD node_modules/webidl-conversions
802 silly ADD node_modules/tr46
803 silly ADD node_modules/media-typer
804 silly ADD node_modules/memory-pager
805 silly ADD node_modules/dunder-proto
806 silly ADD node_modules/math-intrinsics
807 silly ADD node_modules/hasown
808 silly ADD node_modules/has-symbols
809 silly ADD node_modules/gopd
810 silly ADD node_modules/get-proto
811 silly ADD node_modules/es-object-atoms
812 silly ADD node_modules/function-bind
813 silly ADD node_modules/call-bind-apply-helpers
814 silly ADD node_modules/get-intrinsic
815 silly ADD node_modules/call-bound
816 silly ADD node_modules/side-channel-weakmap
817 silly ADD node_modules/side-channel-map
818 silly ADD node_modules/side-channel-list
819 silly ADD node_modules/object-inspect
820 silly ADD node_modules/es-errors
821 silly ADD node_modules/path-to-regexp
822 silly ADD node_modules/is-promise
823 silly ADD node_modules/unpipe
824 silly ADD node_modules/side-channel
825 silly ADD node_modules/es-define-property
826 silly ADD node_modules/ipaddr.js
827 silly ADD node_modules/forwarded
828 silly ADD node_modules/wrappy
829 silly ADD node_modules/ee-first
830 silly ADD node_modules/@types/webidl-conversions
831 silly ADD node_modules/whatwg-url
832 silly ADD node_modules/@types/whatwg-url
833 silly ADD node_modules/sparse-bitfield
834 silly ADD node_modules/mongodb-connection-string-url
835 silly ADD node_modules/bson
836 silly ADD node_modules/@mongodb-js/saslprep
837 silly ADD node_modules/sift
838 silly ADD node_modules/mquery
839 silly ADD node_modules/mpath
840 silly ADD node_modules/mongodb
841 silly ADD node_modules/kareem
842 silly ADD node_modules/@standard-schema/spec
843 silly ADD node_modules/mime-db
844 silly ADD node_modules/safer-buffer
845 silly ADD node_modules/toidentifier
846 silly ADD node_modules/setprototypeof
847 silly ADD node_modules/inherits
848 silly ADD node_modules/ms
849 silly ADD node_modules/raw-body
850 silly ADD node_modules/iconv-lite
851 silly ADD node_modules/bytes
852 silly ADD node_modules/negotiator
853 silly ADD node_modules/type-is
854 silly ADD node_modules/type-is/node_modules/content-type
855 silly ADD node_modules/statuses
856 silly ADD node_modules/serve-static
857 silly ADD node_modules/send
858 silly ADD node_modules/router
859 silly ADD node_modules/range-parser
860 silly ADD node_modules/qs
861 silly ADD node_modules/proxy-addr
862 silly ADD node_modules/parseurl
863 silly ADD node_modules/once
864 silly ADD node_modules/on-finished
865 silly ADD node_modules/mime-types
866 silly ADD node_modules/merge-descriptors
867 silly ADD node_modules/http-errors
868 silly ADD node_modules/fresh
869 silly ADD node_modules/finalhandler
870 silly ADD node_modules/etag
871 silly ADD node_modules/escape-html
872 silly ADD node_modules/encodeurl
873 silly ADD node_modules/depd
874 silly ADD node_modules/debug
875 silly ADD node_modules/cookie-signature
876 silly ADD node_modules/cookie
877 silly ADD node_modules/content-type
878 silly ADD node_modules/content-disposition
879 silly ADD node_modules/body-parser
880 silly ADD node_modules/body-parser/node_modules/content-type
881 silly ADD node_modules/accepts
882 silly ADD node_modules/vary
883 silly ADD node_modules/object-assign
884 silly ADD node_modules/mongoose
885 silly ADD node_modules/express
886 silly ADD node_modules/dotenv
887 silly ADD node_modules/cors
888 silly ADD node_modules/bcryptjs
889 verbose cwd E:\reverse project\backend
890 verbose os Windows_NT 10.0.26200
891 verbose node v22.14.0
892 verbose npm  v10.9.2
893 verbose exit 0
894 info ok
