0 verbose cli C:\Program Files\nodejs\node.exe C:\Program Files\nodejs\node_modules\npm\bin\npm-cli.js
1 info using npm@10.9.2
2 info using node@v22.14.0
3 silly config load:file:C:\Program Files\nodejs\node_modules\npm\npmrc
4 silly config load:file:E:\reverse project\backend\.npmrc
5 silly config load:file:C:\Users\HP\.npmrc
6 silly config load:file:E:\reverse project\backend\.npm-global\etc\npmrc
7 verbose title npm install express mongoose bcryptjs cors dotenv
8 verbose argv "install" "express" "mongoose" "bcryptjs" "cors" "dotenv"
9 verbose logfile logs-max:10 dir:E:\reverse project\backend\.npm-cache\_logs\2026-07-27T13_34_29_777Z-
10 verbose logfile E:\reverse project\backend\.npm-cache\_logs\2026-07-27T13_34_29_777Z-debug-0.log
11 silly logfile done cleaning log files
12 silly packumentCache heap:2197815296 maxSize:549453824 maxEntrySize:274726912
13 silly idealTree buildDeps
14 silly fetch manifest bcryptjs@^3.0.3
15 silly packumentCache full:https://registry.npmjs.org/bcryptjs cache-miss
16 http fetch GET 200 https://registry.npmjs.org/bcryptjs 440ms (cache revalidated)
17 silly packumentCache full:https://registry.npmjs.org/bcryptjs set size:80385 disposed:false
18 silly fetch manifest cors@^2.8.6
19 silly packumentCache full:https://registry.npmjs.org/cors cache-miss
20 http fetch GET 200 https://registry.npmjs.org/cors 146ms (cache revalidated)
21 silly packumentCache full:https://registry.npmjs.org/cors set size:77956 disposed:false
22 silly fetch manifest dotenv@^17.4.2
23 silly packumentCache full:https://registry.npmjs.org/dotenv cache-miss
24 http fetch GET 200 https://registry.npmjs.org/dotenv 99ms (cache revalidated)
25 silly packumentCache full:https://registry.npmjs.org/dotenv set size:277802 disposed:false
26 silly fetch manifest express@^5.2.1
27 silly packumentCache full:https://registry.npmjs.org/express cache-miss
28 http fetch GET 200 https://registry.npmjs.org/express 86ms (cache revalidated)
29 silly packumentCache full:https://registry.npmjs.org/express set size:804956 disposed:false
30 silly fetch manifest mongoose@^9.8.0
31 silly packumentCache full:https://registry.npmjs.org/mongoose cache-miss
32 http fetch GET 200 https://registry.npmjs.org/mongoose 102ms (cache revalidated)
33 silly packumentCache full:https://registry.npmjs.org/mongoose set size:4244553 disposed:false
34 silly placeDep ROOT bcryptjs@3.0.3 REPLACE for: backend@1.0.0 want: ^3.0.3
35 silly placeDep ROOT cors@2.8.6 REPLACE for: backend@1.0.0 want: ^2.8.6
36 silly placeDep ROOT dotenv@17.4.2 REPLACE for: backend@1.0.0 want: ^17.4.2
37 silly placeDep ROOT express@5.2.1 REPLACE for: backend@1.0.0 want: ^5.2.1
38 silly placeDep ROOT mongoose@9.8.0 REPLACE for: backend@1.0.0 want: ^9.8.0
39 silly reify moves {}
40 silly audit bulk request {
40 silly audit   '@mongodb-js/saslprep': [ '1.4.13' ],
40 silly audit   '@standard-schema/spec': [ '1.1.0' ],
40 silly audit   '@types/webidl-conversions': [ '7.0.3' ],
40 silly audit   '@types/whatwg-url': [ '13.0.0' ],
40 silly audit   accepts: [ '2.0.0' ],
40 silly audit   'body-parser': [ '2.3.0' ],
40 silly audit   'content-type': [ '2.0.0', '1.0.5' ],
40 silly audit   bson: [ '7.3.1' ],
40 silly audit   bytes: [ '3.1.2' ],
40 silly audit   'call-bind-apply-helpers': [ '1.0.2' ],
40 silly audit   'call-bound': [ '1.0.4' ],
40 silly audit   'content-disposition': [ '1.1.0' ],
40 silly audit   cookie: [ '0.7.2' ],
40 silly audit   'cookie-signature': [ '1.2.2' ],
40 silly audit   debug: [ '4.4.3' ],
40 silly audit   depd: [ '2.0.0' ],
40 silly audit   'dunder-proto': [ '1.0.1' ],
40 silly audit   'ee-first': [ '1.1.1' ],
40 silly audit   encodeurl: [ '2.0.0' ],
40 silly audit   'es-define-property': [ '1.0.1' ],
40 silly audit   'es-errors': [ '1.3.0' ],
40 silly audit   'es-object-atoms': [ '1.1.2' ],
40 silly audit   'escape-html': [ '1.0.3' ],
40 silly audit   etag: [ '1.8.1' ],
40 silly audit   finalhandler: [ '2.1.1' ],
40 silly audit   forwarded: [ '0.2.0' ],
40 silly audit   fresh: [ '2.0.0' ],
40 silly audit   'function-bind': [ '1.1.2' ],
40 silly audit   'get-intrinsic': [ '1.3.0' ],
40 silly audit   'get-proto': [ '1.0.1' ],
40 silly audit   gopd: [ '1.2.0' ],
40 silly audit   'has-symbols': [ '1.1.0' ],
40 silly audit   hasown: [ '2.0.4' ],
40 silly audit   'http-errors': [ '2.0.1' ],
40 silly audit   'iconv-lite': [ '0.7.3' ],
40 silly audit   inherits: [ '2.0.4' ],
40 silly audit   'ipaddr.js': [ '1.9.1' ],
40 silly audit   'is-promise': [ '4.0.0' ],
40 silly audit   kareem: [ '3.3.0' ],
40 silly audit   'math-intrinsics': [ '1.1.0' ],
40 silly audit   'media-typer': [ '1.1.1' ],
40 silly audit   'memory-pager': [ '1.5.0' ],
40 silly audit   'merge-descriptors': [ '2.0.0' ],
40 silly audit   'mime-db': [ '1.54.0' ],
40 silly audit   'mime-types': [ '3.0.2' ],
40 silly audit   mongodb: [ '7.5.0' ],
40 silly audit   'mongodb-connection-string-url': [ '7.0.2' ],
40 silly audit   mpath: [ '0.9.0' ],
40 silly audit   mquery: [ '6.0.0' ],
40 silly audit   ms: [ '2.1.3' ],
40 silly audit   negotiator: [ '1.0.0' ],
40 silly audit   'object-assign': [ '4.1.1' ],
40 silly audit   'object-inspect': [ '1.13.4' ],
40 silly audit   'on-finished': [ '2.4.1' ],
40 silly audit   once: [ '1.4.0' ],
40 silly audit   parseurl: [ '1.3.3' ],
40 silly audit   'path-to-regexp': [ '8.4.2' ],
40 silly audit   'proxy-addr': [ '2.0.7' ],
40 silly audit   punycode: [ '2.3.1' ],
40 silly audit   qs: [ '6.15.3' ],
40 silly audit   'range-parser': [ '1.3.0' ],
40 silly audit   'raw-body': [ '3.0.2' ],
40 silly audit   router: [ '2.2.0' ],
40 silly audit   'safer-buffer': [ '2.1.2' ],
40 silly audit   send: [ '1.2.1' ],
40 silly audit   'serve-static': [ '2.2.1' ],
40 silly audit   setprototypeof: [ '1.2.0' ],
40 silly audit   'side-channel': [ '1.1.1' ],
40 silly audit   'side-channel-list': [ '1.0.1' ],
40 silly audit   'side-channel-map': [ '1.0.1' ],
40 silly audit   'side-channel-weakmap': [ '1.0.2' ],
40 silly audit   sift: [ '17.1.3' ],
40 silly audit   'sparse-bitfield': [ '3.0.3' ],
40 silly audit   statuses: [ '2.0.2' ],
40 silly audit   toidentifier: [ '1.0.1' ],
40 silly audit   tr46: [ '5.1.1' ],
40 silly audit   'type-is': [ '2.1.0' ],
40 silly audit   unpipe: [ '1.0.0' ],
40 silly audit   vary: [ '1.1.2' ],
40 silly audit   'webidl-conversions': [ '7.0.0' ],
40 silly audit   'whatwg-url': [ '14.2.0' ],
40 silly audit   wrappy: [ '1.0.2' ],
40 silly audit   bcryptjs: [ '3.0.3' ],
40 silly audit   cors: [ '2.8.6' ],
40 silly audit   dotenv: [ '17.4.2' ],
40 silly audit   express: [ '5.2.1' ],
40 silly audit   mongoose: [ '9.8.0' ]
40 silly audit }
41 http fetch POST 200 https://registry.npmjs.org/-/npm/v1/security/advisories/bulk 349ms
42 silly audit report {}
43 verbose cwd E:\reverse project\backend
44 verbose os Windows_NT 10.0.26200
45 verbose node v22.14.0
46 verbose npm  v10.9.2
47 verbose exit 0
48 info ok
